#-----------------------------------------------------------
# Webtalk v2020.2 (64-bit)
# SW Build 3064766 on Wed Nov 18 09:12:45 MST 2020
# IP Build 3064653 on Wed Nov 18 14:17:31 MST 2020
# Start of session at: Mon Apr 26 21:16:50 2021
# Process ID: 11900
# Current directory: C:/Users/Client/Desktop/Vysoka_skola/4. Semestr/DE1/Cvika/PROJEKT/DE1_projekt/Projekt/Projekt.sim/sim_1/behav/xsim
# Command line: wbtcv.exe -mode batch -source C:/Users/Client/Desktop/Vysoka_skola/4. Semestr/DE1/Cvika/PROJEKT/DE1_projekt/Projekt/Projekt.sim/sim_1/behav/xsim/xsim.dir/tb_top_behav/webtalk/xsim_webtalk.tcl -notrace
# Log file: C:/Users/Client/Desktop/Vysoka_skola/4. Semestr/DE1/Cvika/PROJEKT/DE1_projekt/Projekt/Projekt.sim/sim_1/behav/xsim/webtalk.log
# Journal file: C:/Users/Client/Desktop/Vysoka_skola/4. Semestr/DE1/Cvika/PROJEKT/DE1_projekt/Projekt/Projekt.sim/sim_1/behav/xsim\webtalk.jou
#-----------------------------------------------------------
source C:/Users/Client/Desktop/Vysoka_skola/4. -notrace
